// Jest Snapshot v1, https://goo.gl/fbAQLP

exports[`components/BannerCoursel renders Correctly 1`] = `
<RCTScrollView
  data={
    [
      "https://cdn.getir.com/misc/611e55d33ea65bef40f9ba05_banner_tr_1629378026496.jpeg",
      "https://cdn.getir.com/misc/621784419e62143ed76eef01_banner_tr_1645969386292.jpeg",
      "https://cdn.getir.com/promos/6221aef965805c5b1e703845_banner_tr_1646723453154.jpeg",
      "https://cdn.getir.com/misc/622a6d18b2e2fe3a8e809894_banner_tr_1646947639211.jpeg",
    ]
  }
  decelerationRate="fast"
  getItem={[Function]}
  getItemCount={[Function]}
  horizontal={true}
  keyExtractor={[Function]}
  onContentSizeChange={[Function]}
  onLayout={[Function]}
  onMomentumScrollBegin={[Function]}
  onMomentumScrollEnd={[Function]}
  onScroll={[Function]}
  onScrollBeginDrag={[Function]}
  onScrollEndDrag={[Function]}
  removeClippedSubviews={false}
  renderItem={[Function]}
  scrollEventThrottle={0.0001}
  showsHorizontalScrollIndicator={false}
  snapToAlignment="center"
  snapToInterval={750}
  stickyHeaderIndices={[]}
  testID="banner-carousel"
  viewabilityConfigCallbackPairs={[]}
>
  <View>
    <View
      onFocusCapture={[Function]}
      onLayout={[Function]}
      style={
        [
          {
            "flexDirection": "row",
          },
          null,
        ]
      }
    >
      <Image
        source={
          {
            "uri": "https://cdn.getir.com/misc/611e55d33ea65bef40f9ba05_banner_tr_1629378026496.jpeg",
          }
        }
        style={
          {
            "height": 333.5,
            "width": 750,
          }
        }
      />
    </View>
    <View
      onFocusCapture={[Function]}
      onLayout={[Function]}
      style={
        [
          {
            "flexDirection": "row",
          },
          null,
        ]
      }
    >
      <Image
        source={
          {
            "uri": "https://cdn.getir.com/misc/621784419e62143ed76eef01_banner_tr_1645969386292.jpeg",
          }
        }
        style={
          {
            "height": 333.5,
            "width": 750,
          }
        }
      />
    </View>
    <View
      onFocusCapture={[Function]}
      onLayout={[Function]}
      style={
        [
          {
            "flexDirection": "row",
          },
          null,
        ]
      }
    >
      <Image
        source={
          {
            "uri": "https://cdn.getir.com/promos/6221aef965805c5b1e703845_banner_tr_1646723453154.jpeg",
          }
        }
        style={
          {
            "height": 333.5,
            "width": 750,
          }
        }
      />
    </View>
    <View
      onFocusCapture={[Function]}
      onLayout={[Function]}
      style={
        [
          {
            "flexDirection": "row",
          },
          null,
        ]
      }
    >
      <Image
        source={
          {
            "uri": "https://cdn.getir.com/misc/622a6d18b2e2fe3a8e809894_banner_tr_1646947639211.jpeg",
          }
        }
        style={
          {
            "height": 333.5,
            "width": 750,
          }
        }
      />
    </View>
  </View>
</RCTScrollView>
`;
